Archive member included to satisfy reference by file (symbol)

lib/orangescrt.a(printf.o)    kernel/main.o (printf)
lib/orangescrt.a(vsprintf.o)  kernel/main.o (vsprintf)
lib/orangescrt.a(string.o)    kernel/start.o (memcpy)
lib/orangescrt.a(misc.o)      kernel/main.o (send_recv)
lib/orangescrt.a(open.o)      kernel/main.o (open)
lib/orangescrt.a(read.o)      kernel/main.o (read)
lib/orangescrt.a(write.o)     kernel/main.o (write)
lib/orangescrt.a(close.o)     kernel/main.o (close)
lib/orangescrt.a(unlink.o)    kernel/main.o (unlink)
lib/orangescrt.a(lseek.o)     kernel/main.o (lseek)
lib/orangescrt.a(stat.o)      mm/exec.o (stat)
lib/orangescrt.a(syscall.o)   lib/orangescrt.a(misc.o) (sendrec)

Allocating common symbols
Common symbol       size              file

idt_ptr             0x6               kernel/global.o
inode_table         0xb00             kernel/global.o
task_stack          0x24000           kernel/global.o
k_reenter           0x4               kernel/global.o
gdt                 0x400             kernel/global.o
current_console     0x4               kernel/global.o
square              0x40              kernel/main.o
pcaller             0x4               kernel/global.o
tty_table           0xc6c             kernel/global.o
tss                 0x68              kernel/global.o
fs_msg              0x30              kernel/global.o
chessBoard          0x64              kernel/main.o
memory_size         0x4               kernel/global.o
f_desc_table        0x400             kernel/global.o
__path              0x4000            kernel/global.o
root_inode          0x4               kernel/global.o
disp_pos            0x4               kernel/global.o
col                 0x40              kernel/main.o
mm_msg              0x30              kernel/global.o
key_pressed         0x4               kernel/global.o
gdt_ptr             0x6               kernel/global.o
idt                 0x800             kernel/global.o
super_block         0x1e0             kernel/global.o
PARTITION_ENTRY     0x10              kernel/hd.o
ticks               0x4               kernel/global.o
mark                0x190             kernel/main.o
console_table       0x3c              kernel/global.o
Score               0x190             kernel/main.o
__pathCount         0x4               kernel/global.o
irq_table           0x40              kernel/global.o
p_proc_ready        0x4               kernel/global.o
proc_table          0x3b42            kernel/global.o
row                 0x40              kernel/main.o

Discarded input sections

 .note.GNU-stack
                0x0000000000000000        0x0 kernel/start.o
 .note.GNU-stack
                0x0000000000000000        0x0 kernel/main.o
 .note.GNU-stack
                0x0000000000000000        0x0 kernel/clock.o
 .note.GNU-stack
                0x0000000000000000        0x0 kernel/keyboard.o
 .note.GNU-stack
                0x0000000000000000        0x0 kernel/tty.o
 .note.GNU-stack
                0x0000000000000000        0x0 kernel/console.o
 .note.GNU-stack
                0x0000000000000000        0x0 kernel/i8259.o
 .note.GNU-stack
                0x0000000000000000        0x0 kernel/global.o
 .note.GNU-stack
                0x0000000000000000        0x0 kernel/protect.o
 .note.GNU-stack
                0x0000000000000000        0x0 kernel/proc.o
 .note.GNU-stack
                0x0000000000000000        0x0 kernel/systask.o
 .note.GNU-stack
                0x0000000000000000        0x0 kernel/hd.o
 .note.GNU-stack
                0x0000000000000000        0x0 kernel/klib.o
 .note.GNU-stack
                0x0000000000000000        0x0 lib/syslog.o
 .note.GNU-stack
                0x0000000000000000        0x0 mm/main.o
 .note.GNU-stack
                0x0000000000000000        0x0 mm/forkexit.o
 .note.GNU-stack
                0x0000000000000000        0x0 mm/exec.o
 .note.GNU-stack
                0x0000000000000000        0x0 fs/main.o
 .note.GNU-stack
                0x0000000000000000        0x0 fs/open.o
 .note.GNU-stack
                0x0000000000000000        0x0 fs/misc.o
 .note.GNU-stack
                0x0000000000000000        0x0 fs/read_write.o
 .note.GNU-stack
                0x0000000000000000        0x0 fs/link.o
 .note.GNU-stack
                0x0000000000000000        0x0 fs/disklog.o
 .note.GNU-stack
                0x0000000000000000        0x0 lib/orangescrt.a(printf.o)
 .note.GNU-stack
                0x0000000000000000        0x0 lib/orangescrt.a(vsprintf.o)
 .note.GNU-stack
                0x0000000000000000        0x0 lib/orangescrt.a(misc.o)
 .note.GNU-stack
                0x0000000000000000        0x0 lib/orangescrt.a(open.o)
 .note.GNU-stack
                0x0000000000000000        0x0 lib/orangescrt.a(read.o)
 .note.GNU-stack
                0x0000000000000000        0x0 lib/orangescrt.a(write.o)
 .note.GNU-stack
                0x0000000000000000        0x0 lib/orangescrt.a(close.o)
 .note.GNU-stack
                0x0000000000000000        0x0 lib/orangescrt.a(unlink.o)
 .note.GNU-stack
                0x0000000000000000        0x0 lib/orangescrt.a(lseek.o)
 .note.GNU-stack
                0x0000000000000000        0x0 lib/orangescrt.a(stat.o)

Memory Configuration

Name             Origin             Length             Attributes
*default*        0x0000000000000000 0xffffffffffffffff

Linker script and memory map

Address of section .text set to 0x1000
LOAD kernel/kernel.o
LOAD kernel/start.o
LOAD kernel/main.o
LOAD kernel/clock.o
LOAD kernel/keyboard.o
LOAD kernel/tty.o
LOAD kernel/console.o
LOAD kernel/i8259.o
LOAD kernel/global.o
LOAD kernel/protect.o
LOAD kernel/proc.o
LOAD kernel/systask.o
LOAD kernel/hd.o
LOAD kernel/kliba.o
LOAD kernel/klib.o
LOAD lib/syslog.o
LOAD mm/main.o
LOAD mm/forkexit.o
LOAD mm/exec.o
LOAD fs/main.o
LOAD fs/open.o
LOAD fs/misc.o
LOAD fs/read_write.o
LOAD fs/link.o
LOAD fs/disklog.o
LOAD lib/orangescrt.a
                [!provide]                        PROVIDE (__executable_start, 0x8048000)
                0x0000000008048094                . = (0x8048000 + SIZEOF_HEADERS)

.interp
 *(.interp)

.note.gnu.build-id
 *(.note.gnu.build-id)

.hash
 *(.hash)

.gnu.hash
 *(.gnu.hash)

.dynsym
 *(.dynsym)

.dynstr
 *(.dynstr)

.gnu.version
 *(.gnu.version)

.gnu.version_d
 *(.gnu.version_d)

.gnu.version_r
 *(.gnu.version_r)

.rel.dyn        0x0000000008048094        0x0
 *(.rel.init)
 *(.rel.text .rel.text.* .rel.gnu.linkonce.t.*)
 .rel.text      0x0000000008048094        0x0 kernel/kernel.o
 *(.rel.fini)
 *(.rel.rodata .rel.rodata.* .rel.gnu.linkonce.r.*)
 *(.rel.data.rel.ro .rel.data.rel.ro.* .rel.gnu.linkonce.d.rel.ro.*)
 *(.rel.data .rel.data.* .rel.gnu.linkonce.d.*)
 .rel.data      0x0000000008048094        0x0 kernel/kernel.o
 *(.rel.tdata .rel.tdata.* .rel.gnu.linkonce.td.*)
 *(.rel.tbss .rel.tbss.* .rel.gnu.linkonce.tb.*)
 *(.rel.ctors)
 *(.rel.dtors)
 *(.rel.got)
 *(.rel.bss .rel.bss.* .rel.gnu.linkonce.b.*)
 *(.rel.ifunc)

.rel.plt        0x0000000008048094        0x0
 *(.rel.plt)
                [!provide]                        PROVIDE (__rel_iplt_start, .)
 *(.rel.iplt)
 .rel.iplt      0x0000000008048094        0x0 kernel/kernel.o
                [!provide]                        PROVIDE (__rel_iplt_end, .)

.init
 *(SORT(.init))

.plt            0x00000000080480a0        0x0
 *(.plt)
 *(.iplt)
 .iplt          0x00000000080480a0        0x0 kernel/kernel.o

.plt.got
 *(.plt.got)

.text           0x0000000000001000     0xe8c8
 *(.text.unlikely .text.*_unlikely .text.unlikely.*)
 *(.text.exit .text.exit.*)
 *(.text.startup .text.startup.*)
 *(.text.hot .text.hot.*)
 *(.text .stub .text.* .gnu.linkonce.t.*)
 .text          0x0000000000001000      0x410 kernel/kernel.o
                0x0000000000001000                _start
                0x0000000000001040                hwint00
                0x0000000000001070                hwint01
                0x00000000000010a0                hwint02
                0x00000000000010d0                hwint03
                0x0000000000001100                hwint04
                0x0000000000001130                hwint05
                0x0000000000001160                hwint06
                0x0000000000001190                hwint07
                0x00000000000011c0                hwint08
                0x00000000000011f0                hwint09
                0x0000000000001220                hwint10
                0x0000000000001250                hwint11
                0x0000000000001280                hwint12
                0x00000000000012b0                hwint13
                0x00000000000012e0                hwint14
                0x0000000000001310                hwint15
                0x0000000000001334                divide_error
                0x000000000000133a                single_step_exception
                0x0000000000001340                nmi
                0x0000000000001346                breakpoint_exception
                0x000000000000134c                overflow
                0x0000000000001352                bounds_check
                0x0000000000001358                inval_opcode
                0x000000000000135e                copr_not_available
                0x0000000000001364                double_fault
                0x0000000000001368                copr_seg_overrun
                0x000000000000136e                inval_tss
                0x0000000000001372                segment_not_present
                0x0000000000001376                stack_exception
                0x000000000000137a                general_protection
                0x000000000000137e                page_fault
                0x0000000000001382                copr_error
                0x00000000000013cb                sys_call
                0x00000000000013eb                restart
 .text          0x0000000000001410       0x75 kernel/start.o
                0x0000000000001410                cstart
 .text          0x0000000000001485     0x404a kernel/main.o
                0x0000000000001485                kernel_main
                0x0000000000001790                get_ticks
                0x00000000000017c4                untar
                0x0000000000001a6e                findpass
                0x0000000000001ad8                strstr
                0x0000000000001b60                login
                0x0000000000001ec4                doUserDel
                0x0000000000002038                doUserAdd
                0x000000000000215f                doPassWd
                0x000000000000229c                TestA
                0x0000000000002e05                ls
                0x0000000000002e2a                open_dir
                0x0000000000002e90                printTitle
                0x0000000000002f23                clear
                0x0000000000002f89                clearArr
                0x0000000000002fb2                gettop
                0x0000000000002fc5                IntoStack
                0x0000000000003001                OutStack
                0x000000000000303a                trans
                0x0000000000003236                calculate
                0x00000000000033f9                menu
                0x0000000000003592                srand
                0x00000000000035a0                rand
                0x0000000000003626                generateNumber
                0x0000000000003687                recordBlank
                0x0000000000003705                moveDown
                0x000000000000394a                moveUp
                0x0000000000003b87                moveLeft
                0x0000000000003dc8                moveRight
                0x0000000000004009                printSquare
                0x00000000000040f0                initialGame
                0x0000000000004126                gameWin
                0x000000000000418b                gameLose
                0x0000000000004282                game
                0x00000000000044dd                assign
                0x0000000000004542                Empty
                0x00000000000045bc                PrintChessBoard
                0x0000000000004713                Start
                0x00000000000047b1                checkLine
                0x0000000000004c13                Robot
                0x000000000000510b                Gobang
                0x000000000000547c                TestB
                0x0000000000005481                TestC
                0x0000000000005486                panic
 .text          0x00000000000054cf      0x10d kernel/clock.o
                0x00000000000054cf                clock_handler
                0x000000000000554a                milli_delay
                0x0000000000005584                init_clock
 .text          0x00000000000055dc      0x6da kernel/keyboard.o
                0x00000000000055dc                keyboard_handler
                0x0000000000005646                init_keyboard
                0x00000000000056f5                keyboard_read
 .text          0x0000000000005cb6      0xa49 kernel/tty.o
                0x0000000000005cb6                task_tty
                0x0000000000005ea7                in_process
                0x0000000000006400                sys_printx
                0x000000000000659e                dump_tty_buf
 .text          0x00000000000066ff      0x824 kernel/console.o
                0x00000000000066ff                init_screen
                0x0000000000006873                out_char
                0x0000000000006b63                clear_screen
                0x0000000000006b9d                is_current_console
                0x0000000000006c90                select_console
                0x0000000000006cd0                scroll_screen
 .text          0x0000000000006f23      0x130 kernel/i8259.o
                0x0000000000006f23                init_8259A
                0x0000000000006ff8                spurious_irq
                0x000000000000702f                put_irq_handler
 .text          0x0000000000007053        0x0 kernel/global.o
 .text          0x0000000000007053      0x660 kernel/protect.o
                0x0000000000007053                init_prot
                0x00000000000074bc                seg2linear
                0x000000000000750b                init_desc
                0x0000000000007578                exception_handler
 .text          0x00000000000076b3     0x15e7 kernel/proc.o
                0x00000000000076b3                schedule
                0x000000000000773f                sys_sendrec
                0x000000000000785e                ldt_seg_linear
                0x00000000000078a8                va2la
                0x0000000000007909                reset_msg
                0x0000000000007a8b                msg_send
                0x0000000000007ebe                msg_receive
                0x00000000000086e2                inform_int
                0x0000000000008852                dump_proc
                0x0000000000008b8d                dump_msg
 .text          0x0000000000008c9a      0x2bc kernel/systask.o
                0x0000000000008c9a                task_sys
 .text          0x0000000000008f56      0xc53 kernel/hd.o
                0x0000000000008f56                task_hd
                0x0000000000009b7e                hd_handler
 *fill*         0x0000000000009ba9        0x7 
 .text          0x0000000000009bb0      0x19a kernel/kliba.o
                0x0000000000009bb0                disp_str
                0x0000000000009bee                disp_color_str
                0x0000000000009c2d                out_byte
                0x0000000000009c39                in_byte
                0x0000000000009c43                port_read
                0x0000000000009c56                port_write
                0x0000000000009c69                disable_irq
                0x0000000000009c9e                enable_irq
                0x0000000000009cbd                disable_int
                0x0000000000009cbf                enable_int
                0x0000000000009cc1                glitter
 .text          0x0000000000009d4a      0x2af kernel/klib.o
                0x0000000000009d4a                get_boot_params
                0x0000000000009dd0                get_kernel_map
                0x0000000000009ee0                itoa
                0x0000000000009f8b                disp_int
                0x0000000000009fb2                delay
 .text          0x0000000000009ff9       0x6f lib/syslog.o
                0x0000000000009ff9                syslog
 .text          0x000000000000a068      0x198 mm/main.o
                0x000000000000a068                task_mm
                0x000000000000a17b                alloc_mem
                0x000000000000a1f6                free_mem
 .text          0x000000000000a200      0x5e6 mm/forkexit.o
                0x000000000000a200                do_fork
                0x000000000000a55d                do_exit
                0x000000000000a72e                do_wait
 .text          0x000000000000a7e6      0x359 mm/exec.o
                0x000000000000a7e6                do_exec
 .text          0x000000000000ab3f      0xdb2 fs/main.o
                0x000000000000ab3f                task_fs
                0x000000000000b3e6                rw_sector
                0x000000000000b60b                get_super_block
                0x000000000000b651                get_inode
                0x000000000000b7b4                put_inode
                0x000000000000b7f2                sync_inode
 .text          0x000000000000b8f1     0x1166 fs/open.o
                0x000000000000b8f1                do_open_dir
                0x000000000000bd3a                do_close_dir
                0x000000000000bd80                do_open
                0x000000000000c219                do_close
                0x000000000000c275                do_ls
                0x000000000000c46f                do_lseek
 .text          0x000000000000ca57      0x4b5 fs/misc.o
                0x000000000000ca57                find_entry
                0x000000000000cba8                search_file
                0x000000000000ccfe                strip_path
 .text          0x000000000000cf0c      0x49a fs/read_write.o
                0x000000000000cf0c                do_rdwt
 .text          0x000000000000d3a6      0x87b fs/link.o
                0x000000000000d3a6                do_unlink
 .text          0x000000000000dc21     0x1423 fs/disklog.o
                0x000000000000dc21                do_disklog
                0x000000000000dcbc                disklog
                0x000000000000e197                dump_fd_graph
 .text          0x000000000000f044       0xad lib/orangescrt.a(printf.o)
                0x000000000000f044                printf
                0x000000000000f0af                printl
 .text          0x000000000000f0f1      0x305 lib/orangescrt.a(vsprintf.o)
                0x000000000000f14f                vsprintf
                0x000000000000f3d0                sprintf
 *fill*         0x000000000000f3f6        0xa 
 .text          0x000000000000f400       0x78 lib/orangescrt.a(string.o)
                0x000000000000f400                memcpy
                0x000000000000f429                memset
                0x000000000000f44a                strcpy
                0x000000000000f462                strlen
 .text          0x000000000000f478      0x256 lib/orangescrt.a(misc.o)
                0x000000000000f478                send_recv
                0x000000000000f532                memcmp
                0x000000000000f5a8                strcmp
                0x000000000000f61b                strcat
                0x000000000000f67a                spin
                0x000000000000f695                assertion_failure
 .text          0x000000000000f6ce       0x63 lib/orangescrt.a(open.o)
                0x000000000000f6ce                open
 .text          0x000000000000f731       0x37 lib/orangescrt.a(read.o)
                0x000000000000f731                read
 .text          0x000000000000f768       0x37 lib/orangescrt.a(write.o)
                0x000000000000f768                write
 .text          0x000000000000f79f       0x2b lib/orangescrt.a(close.o)
                0x000000000000f79f                close
 .text          0x000000000000f7ca       0x3c lib/orangescrt.a(unlink.o)
                0x000000000000f7ca                unlink
 .text          0x000000000000f806       0x37 lib/orangescrt.a(lseek.o)
                0x000000000000f806                lseek
 .text          0x000000000000f83d       0x63 lib/orangescrt.a(stat.o)
                0x000000000000f83d                stat
 .text          0x000000000000f8a0       0x28 lib/orangescrt.a(syscall.o)
                0x000000000000f8a0                sendrec
                0x000000000000f8ba                printx
 *(.gnu.warning)

.fini
 *(SORT(.fini))
                [!provide]                        PROVIDE (__etext, .)
                [!provide]                        PROVIDE (_etext, .)
                [!provide]                        PROVIDE (etext, .)

.rodata         0x000000000000f8e0     0x3083
 *(.rodata .rodata.* .gnu.linkonce.r.*)
 .rodata        0x000000000000f8e0     0x1168 kernel/main.o
 .rodata        0x0000000000010a48       0x64 kernel/keyboard.o
 .rodata        0x0000000000010aac      0x168 kernel/tty.o
 .rodata        0x0000000000010c14       0x5b kernel/console.o
 .rodata        0x0000000000010c6f       0x11 kernel/i8259.o
 .rodata        0x0000000000010c80       0x10 kernel/global.o
                0x0000000000010c80                FSBUF_SIZE
                0x0000000000010c84                MMBUF_SIZE
                0x0000000000010c88                LOGBUF_SIZE
                0x0000000000010c8c                LOGDISKBUF_SIZE
 *fill*         0x0000000000010c90       0x10 
 .rodata        0x0000000000010ca0      0x580 kernel/protect.o
 .rodata        0x0000000000011220      0x5da kernel/proc.o
 .rodata        0x00000000000117fa       0x11 kernel/systask.o
 *fill*         0x000000000001180b        0x1 
 .rodata        0x000000000001180c       0xee kernel/hd.o
 *fill*         0x00000000000118fa        0x2 
 .rodata        0x00000000000118fc       0x6a kernel/klib.o
 .rodata        0x0000000000011966       0x1e lib/syslog.o
 .rodata        0x0000000000011984       0x9d mm/main.o
 *fill*         0x0000000000011a21        0x3 
 .rodata        0x0000000000011a24       0xe7 mm/forkexit.o
 *fill*         0x0000000000011b0b        0x1 
 .rodata        0x0000000000011b0c       0xa4 mm/exec.o
 .rodata        0x0000000000011bb0      0x262 fs/main.o
 *fill*         0x0000000000011e12        0x2 
 .rodata        0x0000000000011e14      0x16c fs/open.o
 .rodata        0x0000000000011f80      0x164 fs/read_write.o
 .rodata        0x00000000000120e4      0x14d fs/link.o
 *fill*         0x0000000000012231        0x3 
 .rodata        0x0000000000012234      0x627 fs/disklog.o
 .rodata        0x000000000001285b       0x14 lib/orangescrt.a(printf.o)
 *fill*         0x000000000001286f        0x1 
 .rodata        0x0000000000012870       0xad lib/orangescrt.a(misc.o)
 .rodata        0x000000000001291d       0x23 lib/orangescrt.a(open.o)
 .rodata        0x0000000000012940       0x23 lib/orangescrt.a(stat.o)

.rodata1
 *(.rodata1)

.eh_frame_hdr
 *(.eh_frame_hdr)
 *(.eh_frame_entry .eh_frame_entry.*)

.eh_frame       0x0000000000012964     0x1698
 *(.eh_frame)
 .eh_frame      0x0000000000012964       0x38 kernel/start.o
 .eh_frame      0x000000000001299c      0x584 kernel/main.o
                                        0x59c (size before relaxing)
 .eh_frame      0x0000000000012f20       0x60 kernel/clock.o
                                         0x78 (size before relaxing)
 .eh_frame      0x0000000000012f80       0xe0 kernel/keyboard.o
                                         0xf8 (size before relaxing)
 .eh_frame      0x0000000000013060      0x13c kernel/tty.o
                                        0x154 (size before relaxing)
 .eh_frame      0x000000000001319c      0x144 kernel/console.o
                                        0x15c (size before relaxing)
 .eh_frame      0x00000000000132e0       0x60 kernel/i8259.o
                                         0x78 (size before relaxing)
 .eh_frame      0x0000000000013340       0xb0 kernel/protect.o
                                         0xc8 (size before relaxing)
 .eh_frame      0x00000000000133f0      0x1b8 kernel/proc.o
                                        0x1d0 (size before relaxing)
 .eh_frame      0x00000000000135a8       0x5c kernel/systask.o
                                         0x74 (size before relaxing)
 .eh_frame      0x0000000000013604      0x1c8 kernel/hd.o
                                        0x1e0 (size before relaxing)
 .eh_frame      0x00000000000137cc       0xa0 kernel/klib.o
                                         0xb8 (size before relaxing)
 .eh_frame      0x000000000001386c       0x20 lib/syslog.o
                                         0x38 (size before relaxing)
 .eh_frame      0x000000000001388c       0x7c mm/main.o
                                         0x94 (size before relaxing)
 .eh_frame      0x0000000000013908       0x90 mm/forkexit.o
                                         0xa8 (size before relaxing)
 .eh_frame      0x0000000000013998       0x2c mm/exec.o
                                         0x44 (size before relaxing)
 .eh_frame      0x00000000000139c4      0x130 fs/main.o
                                        0x148 (size before relaxing)
 .eh_frame      0x0000000000013af4      0x188 fs/open.o
                                        0x1a0 (size before relaxing)
 .eh_frame      0x0000000000013c7c       0x6c fs/misc.o
                                         0x84 (size before relaxing)
 .eh_frame      0x0000000000013ce8       0x2c fs/read_write.o
                                         0x44 (size before relaxing)
 .eh_frame      0x0000000000013d14       0x2c fs/link.o
                                         0x44 (size before relaxing)
 .eh_frame      0x0000000000013d40       0x80 fs/disklog.o
                                         0x98 (size before relaxing)
 .eh_frame      0x0000000000013dc0       0x40 lib/orangescrt.a(printf.o)
                                         0x58 (size before relaxing)
 .eh_frame      0x0000000000013e00       0x60 lib/orangescrt.a(vsprintf.o)
                                         0x78 (size before relaxing)
 .eh_frame      0x0000000000013e60       0xbc lib/orangescrt.a(misc.o)
                                         0xd4 (size before relaxing)
 .eh_frame      0x0000000000013f1c       0x20 lib/orangescrt.a(open.o)
                                         0x38 (size before relaxing)
 .eh_frame      0x0000000000013f3c       0x20 lib/orangescrt.a(read.o)
                                         0x38 (size before relaxing)
 .eh_frame      0x0000000000013f5c       0x20 lib/orangescrt.a(write.o)
                                         0x38 (size before relaxing)
 .eh_frame      0x0000000000013f7c       0x20 lib/orangescrt.a(close.o)
                                         0x38 (size before relaxing)
 .eh_frame      0x0000000000013f9c       0x20 lib/orangescrt.a(unlink.o)
                                         0x38 (size before relaxing)
 .eh_frame      0x0000000000013fbc       0x20 lib/orangescrt.a(lseek.o)
                                         0x38 (size before relaxing)
 .eh_frame      0x0000000000013fdc       0x20 lib/orangescrt.a(stat.o)
                                         0x38 (size before relaxing)
 *(.eh_frame.*)

.gcc_except_table
 *(.gcc_except_table .gcc_except_table.*)

.gnu_extab
 *(.gnu_extab*)

.exception_ranges
 *(.exception_ranges .exception_ranges*)
                0x0000000000014000                . = DATA_SEGMENT_ALIGN (0x1000, 0x1000)

.eh_frame
 *(.eh_frame)
 *(.eh_frame.*)

.gnu_extab
 *(.gnu_extab)

.gcc_except_table
 *(.gcc_except_table .gcc_except_table.*)

.exception_ranges
 *(.exception_ranges .exception_ranges*)

.tdata
 *(.tdata .tdata.* .gnu.linkonce.td.*)

.tbss
 *(.tbss .tbss.* .gnu.linkonce.tb.*)
 *(.tcommon)

.preinit_array  0x0000000000014000        0x0
                [!provide]                        PROVIDE (__preinit_array_start, .)
 *(.preinit_array)
                [!provide]                        PROVIDE (__preinit_array_end, .)

.init_array     0x0000000000014000        0x0
                [!provide]                        PROVIDE (__init_array_start, .)
 *(SORT(.init_array.*) SORT(.ctors.*))
 *(.init_array EXCLUDE_FILE(*crtend?.o *crtend.o *crtbegin?.o *crtbegin.o) .ctors)
                [!provide]                        PROVIDE (__init_array_end, .)

.fini_array     0x0000000000014000        0x0
                [!provide]                        PROVIDE (__fini_array_start, .)
 *(SORT(.fini_array.*) SORT(.dtors.*))
 *(.fini_array EXCLUDE_FILE(*crtend?.o *crtend.o *crtbegin?.o *crtbegin.o) .dtors)
                [!provide]                        PROVIDE (__fini_array_end, .)

.ctors
 *crtbegin.o(.ctors)
 *crtbegin?.o(.ctors)
 *(EXCLUDE_FILE(*crtend?.o *crtend.o) .ctors)
 *(SORT(.ctors.*))
 *(.ctors)

.dtors
 *crtbegin.o(.dtors)
 *crtbegin?.o(.dtors)
 *(EXCLUDE_FILE(*crtend?.o *crtend.o) .dtors)
 *(SORT(.dtors.*))
 *(.dtors)

.jcr
 *(.jcr)

.data.rel.ro
 *(.data.rel.ro.local* .gnu.linkonce.d.rel.ro.local.*)
 *(.data.rel.ro .data.rel.ro.* .gnu.linkonce.d.rel.ro.*)

.dynamic
 *(.dynamic)

.got
 *(.got)
 *(.igot)
                0x0000000000014000                . = DATA_SEGMENT_RELRO_END (., (SIZEOF (.got.plt) >= 0xc)?0xc:0x0)

.got.plt        0x0000000000014000        0x0
 *(.got.plt)
 *(.igot.plt)
 .igot.plt      0x0000000000014000        0x0 kernel/kernel.o

.data           0x0000000000014000      0x8cc
 *(.data .data.* .gnu.linkonce.d.*)
 .data          0x0000000000014000        0x2 kernel/kernel.o
 .data          0x0000000000014002        0x0 kernel/start.o
 *fill*         0x0000000000014002       0x1e 
 .data          0x0000000000014020       0xc4 kernel/main.o
                0x0000000000014020                _seed2
                0x0000000000014080                Default
 .data          0x00000000000140e4        0x0 kernel/clock.o
 *fill*         0x00000000000140e4       0x1c 
 .data          0x0000000000014100      0x600 kernel/keyboard.o
                0x0000000000014100                keymap
 .data          0x0000000000014700       0x22 kernel/tty.o
 .data          0x0000000000014722        0x0 kernel/console.o
 .data          0x0000000000014722        0x0 kernel/i8259.o
 *fill*         0x0000000000014722       0x1e 
 .data          0x0000000000014740      0x18c kernel/global.o
                0x0000000000014740                task_table
                0x0000000000014820                user_proc_table
                0x0000000000014898                sys_call_table
                0x00000000000148a4                dd_map
                0x00000000000148bc                fsbuf
                0x00000000000148c0                mmbuf
                0x00000000000148c4                logbuf
                0x00000000000148c8                logdiskbuf
 .data          0x00000000000148cc        0x0 kernel/protect.o
 .data          0x00000000000148cc        0x0 kernel/proc.o
 .data          0x00000000000148cc        0x0 kernel/systask.o
 .data          0x00000000000148cc        0x0 kernel/hd.o
 .data          0x00000000000148cc        0x0 kernel/klib.o
 .data          0x00000000000148cc        0x0 lib/syslog.o
 .data          0x00000000000148cc        0x0 mm/main.o
 .data          0x00000000000148cc        0x0 mm/forkexit.o
 .data          0x00000000000148cc        0x0 mm/exec.o
 .data          0x00000000000148cc        0x0 fs/main.o
 .data          0x00000000000148cc        0x0 fs/open.o
 .data          0x00000000000148cc        0x0 fs/misc.o
 .data          0x00000000000148cc        0x0 fs/read_write.o
 .data          0x00000000000148cc        0x0 fs/link.o
 .data          0x00000000000148cc        0x0 fs/disklog.o
 .data          0x00000000000148cc        0x0 lib/orangescrt.a(printf.o)
 .data          0x00000000000148cc        0x0 lib/orangescrt.a(vsprintf.o)
 .data          0x00000000000148cc        0x0 lib/orangescrt.a(misc.o)
 .data          0x00000000000148cc        0x0 lib/orangescrt.a(open.o)
 .data          0x00000000000148cc        0x0 lib/orangescrt.a(read.o)
 .data          0x00000000000148cc        0x0 lib/orangescrt.a(write.o)
 .data          0x00000000000148cc        0x0 lib/orangescrt.a(close.o)
 .data          0x00000000000148cc        0x0 lib/orangescrt.a(unlink.o)
 .data          0x00000000000148cc        0x0 lib/orangescrt.a(lseek.o)
 .data          0x00000000000148cc        0x0 lib/orangescrt.a(stat.o)

.data1
 *(.data1)
                0x00000000000148cc                _edata = .
                [!provide]                        PROVIDE (edata, .)
                0x00000000000148cc                . = .
                0x00000000000148cc                __bss_start = .

.bss            0x00000000000148e0    0x2ff94
 *(.dynbss)
 *(.bss .bss.* .gnu.linkonce.b.*)
 .bss           0x00000000000148e0      0x800 kernel/kernel.o
 .bss           0x00000000000150e0        0x0 kernel/start.o
 .bss           0x00000000000150e0      0x340 kernel/main.o
                0x00000000000150e0                playerBoard
                0x0000000000015280                aiBoard
                0x0000000000015410                ai
                0x0000000000015414                totalCount
                0x0000000000015418                maxX
                0x000000000001541c                maxY
 .bss           0x0000000000015420        0x0 kernel/clock.o
 .bss           0x0000000000015420       0x58 kernel/keyboard.o
 .bss           0x0000000000015478        0x0 kernel/tty.o
 .bss           0x0000000000015478        0x0 kernel/console.o
 .bss           0x0000000000015478        0x0 kernel/i8259.o
 .bss           0x0000000000015478        0x0 kernel/global.o
 .bss           0x0000000000015478        0x0 kernel/protect.o
 .bss           0x0000000000015478        0x0 kernel/proc.o
 .bss           0x0000000000015478        0x0 kernel/systask.o
 *fill*         0x0000000000015478        0x8 
 .bss           0x0000000000015480      0x64c kernel/hd.o
 .bss           0x0000000000015acc        0x0 kernel/klib.o
 .bss           0x0000000000015acc        0x0 lib/syslog.o
 .bss           0x0000000000015acc        0x0 mm/main.o
 .bss           0x0000000000015acc        0x0 mm/forkexit.o
 .bss           0x0000000000015acc        0x0 mm/exec.o
 .bss           0x0000000000015acc        0x0 fs/main.o
 .bss           0x0000000000015acc        0x0 fs/open.o
 .bss           0x0000000000015acc        0x0 fs/misc.o
 .bss           0x0000000000015acc        0x0 fs/read_write.o
 .bss           0x0000000000015acc        0x0 fs/link.o
 *fill*         0x0000000000015acc       0x14 
 .bss           0x0000000000015ae0      0x208 fs/disklog.o
 .bss           0x0000000000015ce8        0x0 lib/orangescrt.a(printf.o)
 .bss           0x0000000000015ce8        0x0 lib/orangescrt.a(vsprintf.o)
 .bss           0x0000000000015ce8        0x0 lib/orangescrt.a(misc.o)
 .bss           0x0000000000015ce8        0x0 lib/orangescrt.a(open.o)
 .bss           0x0000000000015ce8        0x0 lib/orangescrt.a(read.o)
 .bss           0x0000000000015ce8        0x0 lib/orangescrt.a(write.o)
 .bss           0x0000000000015ce8        0x0 lib/orangescrt.a(close.o)
 .bss           0x0000000000015ce8        0x0 lib/orangescrt.a(unlink.o)
 .bss           0x0000000000015ce8        0x0 lib/orangescrt.a(lseek.o)
 .bss           0x0000000000015ce8        0x0 lib/orangescrt.a(stat.o)
 *(COMMON)
 *fill*         0x0000000000015ce8       0x18 
 COMMON         0x0000000000015d00      0x480 kernel/main.o
                0x0000000000015d00                square
                0x0000000000015d40                chessBoard
                0x0000000000015dc0                col
                0x0000000000015e00                mark
                0x0000000000015fa0                Score
                0x0000000000016140                row
 COMMON         0x0000000000016180    0x2e6e2 kernel/global.o
                0x0000000000016180                idt_ptr
                0x00000000000161a0                inode_table
                0x0000000000016ca0                task_stack
                0x000000000003aca0                k_reenter
                0x000000000003acc0                gdt
                0x000000000003b0c0                current_console
                0x000000000003b0c4                pcaller
                0x000000000003b0e0                tty_table
                0x000000000003bd60                tss
                0x000000000003bde0                fs_msg
                0x000000000003be10                memory_size
                0x000000000003be20                f_desc_table
                0x000000000003c220                __path
                0x0000000000040220                root_inode
                0x0000000000040224                disp_pos
                0x0000000000040240                mm_msg
                0x0000000000040270                key_pressed
                0x0000000000040274                gdt_ptr
                0x0000000000040280                idt
                0x0000000000040a80                super_block
                0x0000000000040c60                ticks
                0x0000000000040c80                console_table
                0x0000000000040cbc                __pathCount
                0x0000000000040cc0                irq_table
                0x0000000000040d00                p_proc_ready
                0x0000000000040d20                proc_table
 *fill*         0x0000000000044862        0x2 
 COMMON         0x0000000000044864       0x10 kernel/hd.o
                0x0000000000044864                PARTITION_ENTRY
                0x0000000000044874                . = ALIGN ((. != 0x0)?0x4:0x1)
                0x0000000000044874                . = ALIGN (0x4)
                0x0000000000044874                . = SEGMENT_START ("ldata-segment", .)
                0x0000000000044874                . = ALIGN (0x4)
                0x0000000000044874                _end = .
                [!provide]                        PROVIDE (end, .)
                0x0000000000044874                . = DATA_SEGMENT_END (.)

.stab
 *(.stab)

.stabstr
 *(.stabstr)

.stab.excl
 *(.stab.excl)

.stab.exclstr
 *(.stab.exclstr)

.stab.index
 *(.stab.index)

.stab.indexstr
 *(.stab.indexstr)

.comment        0x0000000000000000       0x34
 *(.comment)
 .comment       0x0000000000000000       0x34 kernel/start.o
                                         0x35 (size before relaxing)
 .comment       0x0000000000000034       0x35 kernel/main.o
 .comment       0x0000000000000034       0x35 kernel/clock.o
 .comment       0x0000000000000034       0x35 kernel/keyboard.o
 .comment       0x0000000000000034       0x35 kernel/tty.o
 .comment       0x0000000000000034       0x35 kernel/console.o
 .comment       0x0000000000000034       0x35 kernel/i8259.o
 .comment       0x0000000000000034       0x35 kernel/global.o
 .comment       0x0000000000000034       0x35 kernel/protect.o
 .comment       0x0000000000000034       0x35 kernel/proc.o
 .comment       0x0000000000000034       0x35 kernel/systask.o
 .comment       0x0000000000000034       0x35 kernel/hd.o
 .comment       0x0000000000000034       0x35 kernel/klib.o
 .comment       0x0000000000000034       0x35 lib/syslog.o
 .comment       0x0000000000000034       0x35 mm/main.o
 .comment       0x0000000000000034       0x35 mm/forkexit.o
 .comment       0x0000000000000034       0x35 mm/exec.o
 .comment       0x0000000000000034       0x35 fs/main.o
 .comment       0x0000000000000034       0x35 fs/open.o
 .comment       0x0000000000000034       0x35 fs/misc.o
 .comment       0x0000000000000034       0x35 fs/read_write.o
 .comment       0x0000000000000034       0x35 fs/link.o
 .comment       0x0000000000000034       0x35 fs/disklog.o
 .comment       0x0000000000000034       0x35 lib/orangescrt.a(printf.o)
 .comment       0x0000000000000034       0x35 lib/orangescrt.a(vsprintf.o)
 .comment       0x0000000000000034       0x35 lib/orangescrt.a(misc.o)
 .comment       0x0000000000000034       0x35 lib/orangescrt.a(open.o)
 .comment       0x0000000000000034       0x35 lib/orangescrt.a(read.o)
 .comment       0x0000000000000034       0x35 lib/orangescrt.a(write.o)
 .comment       0x0000000000000034       0x35 lib/orangescrt.a(close.o)
 .comment       0x0000000000000034       0x35 lib/orangescrt.a(unlink.o)
 .comment       0x0000000000000034       0x35 lib/orangescrt.a(lseek.o)
 .comment       0x0000000000000034       0x35 lib/orangescrt.a(stat.o)

.debug
 *(.debug)

.line
 *(.line)

.debug_srcinfo
 *(.debug_srcinfo)

.debug_sfnames
 *(.debug_sfnames)

.debug_aranges
 *(.debug_aranges)

.debug_pubnames
 *(.debug_pubnames)

.debug_info
 *(.debug_info .gnu.linkonce.wi.*)

.debug_abbrev
 *(.debug_abbrev)

.debug_line
 *(.debug_line .debug_line.* .debug_line_end)

.debug_frame
 *(.debug_frame)

.debug_str
 *(.debug_str)

.debug_loc
 *(.debug_loc)

.debug_macinfo
 *(.debug_macinfo)

.debug_weaknames
 *(.debug_weaknames)

.debug_funcnames
 *(.debug_funcnames)

.debug_typenames
 *(.debug_typenames)

.debug_varnames
 *(.debug_varnames)

.debug_pubtypes
 *(.debug_pubtypes)

.debug_ranges
 *(.debug_ranges)

.debug_macro
 *(.debug_macro)

.gnu.attributes
 *(.gnu.attributes)

/DISCARD/
 *(.note.GNU-stack)
 *(.gnu_debuglink)
 *(.gnu.lto_*)
OUTPUT(kernel.bin elf32-i386)
